<!doctype html>
<html>
<head>
<meta charset="tis-620">
</head>
<body>
</body>
</html>
