<!doctype html>
<html>
<head>
<meta charset="utf-8">
<title>Title</title>
<link rel="stylesheet" type="text/css" href="styles/reset.css">
<link rel="stylesheet" type="text/css" href="styles/style1.css">
<link rel="stylesheet" type="text/css" href="styles/style2.css">
</head>
<body>
<div id="appContainer"></div>
<script src="scripts/script1.js"></script>
<script src="scripts/script2.js"></script>
<script src="scripts/index.js"></script>
</body>
</html>
