<!doctype html>
<html>
<head>
<meta charset="utf-8">
<title>Title</title>
<link rel="stylesheet" type="text/css" href="styles/style.css">
</head>
<body>
<script src="scripts/script.js"></script>
</body>
</html>
